// Bun Snapshot v1, https://goo.gl/fbAQLP

exports[`setUpConfiguration() matches the BODY_PARTS object 1`] = `
{
  "codes": {
    "78320081": [
      "RID901",
    ],
    "78320082": [
      "RID902",
    ],
    "78320083": [
      "RID903",
    ],
    "78320085": [
      "RID905",
    ],
    "AAABBBCC": [
      "RID901",
    ],
  },
  "containedAncestors": {
    "RID901": "RID901",
    "RID902": "RID901",
    "RID903": "RID901",
    "RID904": "RID903",
    "RID905": "RID904",
  },
  "containedChildren": {
    "RID901": [
      "RID902",
      "RID903",
    ],
    "RID903": [
      "RID904",
    ],
    "RID904": [
      "RID905",
    ],
  },
  "map": {
    "RID901": {
      "codes": [
        {
          "code": "78320081",
          "system": "SNOMED",
        },
        {
          "code": "AAABBBCC",
          "system": "LOCAL",
        },
      ],
      "containedById": "RID901",
      "description": "hand",
      "partOfId": "RID902",
      "radlexId": "RID901",
    },
    "RID902": {
      "codes": [
        {
          "code": "78320082",
          "system": "SNOMED",
        },
      ],
      "containedById": "RID901",
      "description": "feet",
      "radlexId": "RID902",
    },
    "RID903": {
      "codes": [
        {
          "code": "78320083",
          "system": "SNOMED",
        },
      ],
      "containedById": "RID901",
      "description": "leg",
      "radlexId": "RID903",
      "synonyms": [
        "feet",
      ],
    },
    "RID904": {
      "containedById": "RID903",
      "description": "eye",
      "partOfId": "RID902",
      "radlexId": "RID904",
      "synonyms": [
        "aaa",
        "ccc",
      ],
    },
    "RID905": {
      "codes": [
        {
          "code": "78320085",
          "system": "SNOMED",
        },
      ],
      "containedById": "RID904",
      "description": "finger",
      "partOfId": "RID901",
      "radlexId": "RID905",
    },
  },
  "partOfAncestors": {
    "RID901": "RID902",
    "RID904": "RID902",
    "RID905": "RID901",
  },
  "partOfChildren": {
    "RID901": [
      "RID905",
    ],
    "RID902": [
      "RID901",
      "RID904",
    ],
  },
  "version": "2.0.0",
}
`;

exports[`setUpConfiguration() with local JSON file matches the BODY_PARTS object 1`] = `
{
  "codes": {
    "78320081": [
      "RID901",
    ],
    "78320082": [
      "RID902",
    ],
    "78320083": [
      "RID903",
    ],
    "78320085": [
      "RID905",
    ],
    "AAABBBCC": [
      "RID901",
    ],
  },
  "containedAncestors": {
    "RID901": "RID901",
    "RID902": "RID901",
    "RID903": "RID901",
    "RID904": "RID903",
    "RID905": "RID904",
  },
  "containedChildren": {
    "RID901": [
      "RID902",
      "RID903",
    ],
    "RID903": [
      "RID904",
    ],
    "RID904": [
      "RID905",
    ],
  },
  "map": {
    "RID901": {
      "codes": [
        {
          "code": "78320081",
          "system": "SNOMED",
        },
        {
          "code": "AAABBBCC",
          "system": "LOCAL",
        },
      ],
      "containedById": "RID901",
      "description": "hand",
      "partOfId": "RID902",
      "radlexId": "RID901",
    },
    "RID902": {
      "codes": [
        {
          "code": "78320082",
          "system": "SNOMED",
        },
      ],
      "containedById": "RID901",
      "description": "feet",
      "radlexId": "RID902",
    },
    "RID903": {
      "codes": [
        {
          "code": "78320083",
          "system": "SNOMED",
        },
      ],
      "containedById": "RID901",
      "description": "leg",
      "radlexId": "RID903",
      "synonyms": [
        "feet",
      ],
    },
    "RID904": {
      "containedById": "RID903",
      "description": "eye",
      "partOfId": "RID902",
      "radlexId": "RID904",
      "synonyms": [
        "aaa",
        "ccc",
      ],
    },
    "RID905": {
      "codes": [
        {
          "code": "78320085",
          "system": "SNOMED",
        },
      ],
      "containedById": "RID904",
      "description": "finger",
      "partOfId": "RID901",
      "radlexId": "RID905",
    },
  },
  "partOfAncestors": {
    "RID901": "RID902",
    "RID904": "RID902",
    "RID905": "RID901",
  },
  "partOfChildren": {
    "RID901": [
      "RID905",
    ],
    "RID902": [
      "RID901",
      "RID904",
    ],
  },
  "version": "2.0.0",
}
`;
